------------------------------------------------------------
Timing Analyzer Summary
------------------------------------------------------------

Type  : Slow 1100mV 85C Model Setup 'SCOMP:inst|IO_CYCLE'
Slack : -14.616
TNS   : -670.067

Type  : Slow 1100mV 85C Model Setup 'inst1|pll_main_inst|altera_pll_i|cyclonev_pll|counter[2].output_counter|divclk'
Slack : -12.412
TNS   : -196.797

Type  : Slow 1100mV 85C Model Setup 'inst1|pll_main_inst|altera_pll_i|cyclonev_pll|counter[0].output_counter|divclk'
Slack : -11.112
TNS   : -128.328

Type  : Slow 1100mV 85C Model Setup 'oneshot_i2c:inst12|i2c_master:inst|data_clk'
Slack : -9.126
TNS   : -147.086

Type  : Slow 1100mV 85C Model Setup 'AUD_DACLR'
Slack : -8.968
TNS   : -181.492

Type  : Slow 1100mV 85C Model Setup 'AUD_BCLK'
Slack : -6.661
TNS   : -194.873

Type  : Slow 1100mV 85C Model Setup 'clk_div:inst5|clock_10Hz'
Slack : -1.756
TNS   : -34.598

Type  : Slow 1100mV 85C Model Hold 'SCOMP:inst|IO_CYCLE'
Slack : -2.540
TNS   : -2.540

Type  : Slow 1100mV 85C Model Hold 'AUD_BCLK'
Slack : -0.691
TNS   : -14.174

Type  : Slow 1100mV 85C Model Hold 'AUD_DACLR'
Slack : 0.233
TNS   : 0.000

Type  : Slow 1100mV 85C Model Hold 'inst1|pll_main_inst|altera_pll_i|cyclonev_pll|counter[2].output_counter|divclk'
Slack : 0.285
TNS   : 0.000

Type  : Slow 1100mV 85C Model Hold 'inst1|pll_main_inst|altera_pll_i|cyclonev_pll|counter[0].output_counter|divclk'
Slack : 0.286
TNS   : 0.000

Type  : Slow 1100mV 85C Model Hold 'clk_div:inst5|clock_10Hz'
Slack : 0.397
TNS   : 0.000

Type  : Slow 1100mV 85C Model Hold 'oneshot_i2c:inst12|i2c_master:inst|data_clk'
Slack : 0.488
TNS   : 0.000

Type  : Slow 1100mV 85C Model Recovery 'clk_div:inst5|clock_10Hz'
Slack : -9.646
TNS   : -221.801

Type  : Slow 1100mV 85C Model Removal 'clk_div:inst5|clock_10Hz'
Slack : 0.933
TNS   : 0.000

Type  : Slow 1100mV 85C Model Minimum Pulse Width 'AUD_DACLR'
Slack : -2.174
TNS   : -47.299

Type  : Slow 1100mV 85C Model Minimum Pulse Width 'SCOMP:inst|IO_CYCLE'
Slack : -1.311
TNS   : -60.286

Type  : Slow 1100mV 85C Model Minimum Pulse Width 'AUD_BCLK'
Slack : -0.394
TNS   : -22.663

Type  : Slow 1100mV 85C Model Minimum Pulse Width 'oneshot_i2c:inst12|i2c_master:inst|data_clk'
Slack : -0.394
TNS   : -13.234

Type  : Slow 1100mV 85C Model Minimum Pulse Width 'clk_div:inst5|clock_10Hz'
Slack : -0.394
TNS   : -12.443

Type  : Slow 1100mV 85C Model Minimum Pulse Width 'inst1|pll_main_inst|altera_pll_i|cyclonev_pll|fpll_0|fpll|vcoph[0]'
Slack : 1.666
TNS   : 0.000

Type  : Slow 1100mV 85C Model Minimum Pulse Width 'clock_50'
Slack : 9.670
TNS   : 0.000

Type  : Slow 1100mV 85C Model Minimum Pulse Width 'inst1|pll_main_inst|altera_pll_i|cyclonev_pll|counter[0].output_counter|divclk'
Slack : 40.432
TNS   : 0.000

Type  : Slow 1100mV 85C Model Minimum Pulse Width 'inst1|pll_main_inst|altera_pll_i|cyclonev_pll|counter[1].output_counter|cascadeout'
Slack : 416.666
TNS   : 0.000

Type  : Slow 1100mV 85C Model Minimum Pulse Width 'inst1|pll_main_inst|altera_pll_i|cyclonev_pll|counter[2].output_counter|divclk'
Slack : 1249.314
TNS   : 0.000

Type  : Slow 1100mV 0C Model Setup 'SCOMP:inst|IO_CYCLE'
Slack : -14.348
TNS   : -661.019

Type  : Slow 1100mV 0C Model Setup 'inst1|pll_main_inst|altera_pll_i|cyclonev_pll|counter[2].output_counter|divclk'
Slack : -11.298
TNS   : -177.755

Type  : Slow 1100mV 0C Model Setup 'inst1|pll_main_inst|altera_pll_i|cyclonev_pll|counter[0].output_counter|divclk'
Slack : -10.321
TNS   : -117.294

Type  : Slow 1100mV 0C Model Setup 'oneshot_i2c:inst12|i2c_master:inst|data_clk'
Slack : -9.367
TNS   : -149.496

Type  : Slow 1100mV 0C Model Setup 'AUD_DACLR'
Slack : -8.537
TNS   : -171.705

Type  : Slow 1100mV 0C Model Setup 'AUD_BCLK'
Slack : -6.248
TNS   : -184.126

Type  : Slow 1100mV 0C Model Setup 'clk_div:inst5|clock_10Hz'
Slack : -1.866
TNS   : -36.265

Type  : Slow 1100mV 0C Model Hold 'SCOMP:inst|IO_CYCLE'
Slack : -2.571
TNS   : -2.571

Type  : Slow 1100mV 0C Model Hold 'AUD_BCLK'
Slack : -0.598
TNS   : -11.592

Type  : Slow 1100mV 0C Model Hold 'AUD_DACLR'
Slack : 0.220
TNS   : 0.000

Type  : Slow 1100mV 0C Model Hold 'inst1|pll_main_inst|altera_pll_i|cyclonev_pll|counter[2].output_counter|divclk'
Slack : 0.261
TNS   : 0.000

Type  : Slow 1100mV 0C Model Hold 'inst1|pll_main_inst|altera_pll_i|cyclonev_pll|counter[0].output_counter|divclk'
Slack : 0.268
TNS   : 0.000

Type  : Slow 1100mV 0C Model Hold 'clk_div:inst5|clock_10Hz'
Slack : 0.376
TNS   : 0.000

Type  : Slow 1100mV 0C Model Hold 'oneshot_i2c:inst12|i2c_master:inst|data_clk'
Slack : 0.521
TNS   : 0.000

Type  : Slow 1100mV 0C Model Recovery 'clk_div:inst5|clock_10Hz'
Slack : -9.718
TNS   : -223.454

Type  : Slow 1100mV 0C Model Removal 'clk_div:inst5|clock_10Hz'
Slack : 0.988
TNS   : 0.000

Type  : Slow 1100mV 0C Model Minimum Pulse Width 'AUD_DACLR'
Slack : -2.174
TNS   : -47.175

Type  : Slow 1100mV 0C Model Minimum Pulse Width 'SCOMP:inst|IO_CYCLE'
Slack : -1.291
TNS   : -58.429

Type  : Slow 1100mV 0C Model Minimum Pulse Width 'AUD_BCLK'
Slack : -0.394
TNS   : -23.681

Type  : Slow 1100mV 0C Model Minimum Pulse Width 'oneshot_i2c:inst12|i2c_master:inst|data_clk'
Slack : -0.394
TNS   : -13.081

Type  : Slow 1100mV 0C Model Minimum Pulse Width 'clk_div:inst5|clock_10Hz'
Slack : -0.394
TNS   : -12.617

Type  : Slow 1100mV 0C Model Minimum Pulse Width 'inst1|pll_main_inst|altera_pll_i|cyclonev_pll|fpll_0|fpll|vcoph[0]'
Slack : 1.666
TNS   : 0.000

Type  : Slow 1100mV 0C Model Minimum Pulse Width 'clock_50'
Slack : 9.673
TNS   : 0.000

Type  : Slow 1100mV 0C Model Minimum Pulse Width 'inst1|pll_main_inst|altera_pll_i|cyclonev_pll|counter[0].output_counter|divclk'
Slack : 40.402
TNS   : 0.000

Type  : Slow 1100mV 0C Model Minimum Pulse Width 'inst1|pll_main_inst|altera_pll_i|cyclonev_pll|counter[1].output_counter|cascadeout'
Slack : 416.666
TNS   : 0.000

Type  : Slow 1100mV 0C Model Minimum Pulse Width 'inst1|pll_main_inst|altera_pll_i|cyclonev_pll|counter[2].output_counter|divclk'
Slack : 1249.256
TNS   : 0.000

Type  : Fast 1100mV 85C Model Setup 'SCOMP:inst|IO_CYCLE'
Slack : -9.280
TNS   : -408.262

Type  : Fast 1100mV 85C Model Setup 'inst1|pll_main_inst|altera_pll_i|cyclonev_pll|counter[2].output_counter|divclk'
Slack : -8.956
TNS   : -139.328

Type  : Fast 1100mV 85C Model Setup 'inst1|pll_main_inst|altera_pll_i|cyclonev_pll|counter[0].output_counter|divclk'
Slack : -8.011
TNS   : -101.833

Type  : Fast 1100mV 85C Model Setup 'AUD_DACLR'
Slack : -6.400
TNS   : -123.616

Type  : Fast 1100mV 85C Model Setup 'oneshot_i2c:inst12|i2c_master:inst|data_clk'
Slack : -6.242
TNS   : -97.507

Type  : Fast 1100mV 85C Model Setup 'AUD_BCLK'
Slack : -4.861
TNS   : -140.359

Type  : Fast 1100mV 85C Model Setup 'clk_div:inst5|clock_10Hz'
Slack : -0.778
TNS   : -12.034

Type  : Fast 1100mV 85C Model Hold 'SCOMP:inst|IO_CYCLE'
Slack : -1.801
TNS   : -1.801

Type  : Fast 1100mV 85C Model Hold 'AUD_BCLK'
Slack : -0.251
TNS   : -4.658

Type  : Fast 1100mV 85C Model Hold 'AUD_DACLR'
Slack : 0.132
TNS   : 0.000

Type  : Fast 1100mV 85C Model Hold 'clk_div:inst5|clock_10Hz'
Slack : 0.155
TNS   : 0.000

Type  : Fast 1100mV 85C Model Hold 'inst1|pll_main_inst|altera_pll_i|cyclonev_pll|counter[0].output_counter|divclk'
Slack : 0.167
TNS   : 0.000

Type  : Fast 1100mV 85C Model Hold 'inst1|pll_main_inst|altera_pll_i|cyclonev_pll|counter[2].output_counter|divclk'
Slack : 0.171
TNS   : 0.000

Type  : Fast 1100mV 85C Model Hold 'oneshot_i2c:inst12|i2c_master:inst|data_clk'
Slack : 0.312
TNS   : 0.000

Type  : Fast 1100mV 85C Model Recovery 'clk_div:inst5|clock_10Hz'
Slack : -5.450
TNS   : -125.323

Type  : Fast 1100mV 85C Model Removal 'clk_div:inst5|clock_10Hz'
Slack : 0.368
TNS   : 0.000

Type  : Fast 1100mV 85C Model Minimum Pulse Width 'AUD_DACLR'
Slack : -2.174
TNS   : -50.842

Type  : Fast 1100mV 85C Model Minimum Pulse Width 'SCOMP:inst|IO_CYCLE'
Slack : -1.231
TNS   : -22.859

Type  : Fast 1100mV 85C Model Minimum Pulse Width 'AUD_BCLK'
Slack : -0.565
TNS   : -26.589

Type  : Fast 1100mV 85C Model Minimum Pulse Width 'clk_div:inst5|clock_10Hz'
Slack : 0.075
TNS   : 0.000

Type  : Fast 1100mV 85C Model Minimum Pulse Width 'oneshot_i2c:inst12|i2c_master:inst|data_clk'
Slack : 0.083
TNS   : 0.000

Type  : Fast 1100mV 85C Model Minimum Pulse Width 'inst1|pll_main_inst|altera_pll_i|cyclonev_pll|fpll_0|fpll|vcoph[0]'
Slack : 1.666
TNS   : 0.000

Type  : Fast 1100mV 85C Model Minimum Pulse Width 'clock_50'
Slack : 9.336
TNS   : 0.000

Type  : Fast 1100mV 85C Model Minimum Pulse Width 'inst1|pll_main_inst|altera_pll_i|cyclonev_pll|counter[0].output_counter|divclk'
Slack : 40.547
TNS   : 0.000

Type  : Fast 1100mV 85C Model Minimum Pulse Width 'inst1|pll_main_inst|altera_pll_i|cyclonev_pll|counter[1].output_counter|cascadeout'
Slack : 416.666
TNS   : 0.000

Type  : Fast 1100mV 85C Model Minimum Pulse Width 'inst1|pll_main_inst|altera_pll_i|cyclonev_pll|counter[2].output_counter|divclk'
Slack : 1249.559
TNS   : 0.000

Type  : Fast 1100mV 0C Model Setup 'SCOMP:inst|IO_CYCLE'
Slack : -8.512
TNS   : -376.201

Type  : Fast 1100mV 0C Model Setup 'inst1|pll_main_inst|altera_pll_i|cyclonev_pll|counter[2].output_counter|divclk'
Slack : -7.202
TNS   : -111.613

Type  : Fast 1100mV 0C Model Setup 'inst1|pll_main_inst|altera_pll_i|cyclonev_pll|counter[0].output_counter|divclk'
Slack : -6.808
TNS   : -83.925

Type  : Fast 1100mV 0C Model Setup 'oneshot_i2c:inst12|i2c_master:inst|data_clk'
Slack : -6.296
TNS   : -97.084

Type  : Fast 1100mV 0C Model Setup 'AUD_DACLR'
Slack : -5.360
TNS   : -101.562

Type  : Fast 1100mV 0C Model Setup 'AUD_BCLK'
Slack : -4.005
TNS   : -114.820

Type  : Fast 1100mV 0C Model Setup 'clk_div:inst5|clock_10Hz'
Slack : -0.641
TNS   : -10.703

Type  : Fast 1100mV 0C Model Hold 'SCOMP:inst|IO_CYCLE'
Slack : -1.703
TNS   : -1.703

Type  : Fast 1100mV 0C Model Hold 'AUD_BCLK'
Slack : -0.265
TNS   : -5.262

Type  : Fast 1100mV 0C Model Hold 'inst1|pll_main_inst|altera_pll_i|cyclonev_pll|counter[2].output_counter|divclk'
Slack : 0.036
TNS   : 0.000

Type  : Fast 1100mV 0C Model Hold 'AUD_DACLR'
Slack : 0.123
TNS   : 0.000

Type  : Fast 1100mV 0C Model Hold 'clk_div:inst5|clock_10Hz'
Slack : 0.130
TNS   : 0.000

Type  : Fast 1100mV 0C Model Hold 'inst1|pll_main_inst|altera_pll_i|cyclonev_pll|counter[0].output_counter|divclk'
Slack : 0.158
TNS   : 0.000

Type  : Fast 1100mV 0C Model Hold 'oneshot_i2c:inst12|i2c_master:inst|data_clk'
Slack : 0.285
TNS   : 0.000

Type  : Fast 1100mV 0C Model Recovery 'clk_div:inst5|clock_10Hz'
Slack : -5.252
TNS   : -120.769

Type  : Fast 1100mV 0C Model Removal 'clk_div:inst5|clock_10Hz'
Slack : 0.341
TNS   : 0.000

Type  : Fast 1100mV 0C Model Minimum Pulse Width 'AUD_DACLR'
Slack : -2.174
TNS   : -53.105

Type  : Fast 1100mV 0C Model Minimum Pulse Width 'SCOMP:inst|IO_CYCLE'
Slack : -0.917
TNS   : -14.288

Type  : Fast 1100mV 0C Model Minimum Pulse Width 'AUD_BCLK'
Slack : -0.612
TNS   : -29.585

Type  : Fast 1100mV 0C Model Minimum Pulse Width 'clk_div:inst5|clock_10Hz'
Slack : 0.094
TNS   : 0.000

Type  : Fast 1100mV 0C Model Minimum Pulse Width 'oneshot_i2c:inst12|i2c_master:inst|data_clk'
Slack : 0.102
TNS   : 0.000

Type  : Fast 1100mV 0C Model Minimum Pulse Width 'inst1|pll_main_inst|altera_pll_i|cyclonev_pll|fpll_0|fpll|vcoph[0]'
Slack : 1.666
TNS   : 0.000

Type  : Fast 1100mV 0C Model Minimum Pulse Width 'clock_50'
Slack : 9.286
TNS   : 0.000

Type  : Fast 1100mV 0C Model Minimum Pulse Width 'inst1|pll_main_inst|altera_pll_i|cyclonev_pll|counter[0].output_counter|divclk'
Slack : 40.549
TNS   : 0.000

Type  : Fast 1100mV 0C Model Minimum Pulse Width 'inst1|pll_main_inst|altera_pll_i|cyclonev_pll|counter[1].output_counter|cascadeout'
Slack : 416.666
TNS   : 0.000

Type  : Fast 1100mV 0C Model Minimum Pulse Width 'inst1|pll_main_inst|altera_pll_i|cyclonev_pll|counter[2].output_counter|divclk'
Slack : 1249.546
TNS   : 0.000

------------------------------------------------------------
