------------------------------------------------------------
Timing Analyzer Summary
------------------------------------------------------------

Type  : Slow 1100mV 85C Model Setup 'SCOMP:inst|IO_CYCLE'
Slack : -14.994
TNS   : -412.585

Type  : Slow 1100mV 85C Model Setup 'inst1|pll_main_inst|altera_pll_i|cyclonev_pll|counter[2].output_counter|divclk'
Slack : -13.366
TNS   : -210.153

Type  : Slow 1100mV 85C Model Setup 'AUD_DACLR'
Slack : -10.023
TNS   : -206.654

Type  : Slow 1100mV 85C Model Setup 'oneshot_i2c:inst12|i2c_master:inst|data_clk'
Slack : -9.422
TNS   : -146.545

Type  : Slow 1100mV 85C Model Setup 'inst1|pll_main_inst|altera_pll_i|cyclonev_pll|counter[0].output_counter|divclk'
Slack : -8.275
TNS   : -127.961

Type  : Slow 1100mV 85C Model Setup 'AUD_BCLK'
Slack : -7.450
TNS   : -217.257

Type  : Slow 1100mV 85C Model Setup 'clk_div:inst5|clock_10Hz'
Slack : -2.467
TNS   : -48.110

Type  : Slow 1100mV 85C Model Hold 'AUD_BCLK'
Slack : -0.575
TNS   : -10.692

Type  : Slow 1100mV 85C Model Hold 'AUD_DACLR'
Slack : 0.238
TNS   : 0.000

Type  : Slow 1100mV 85C Model Hold 'inst1|pll_main_inst|altera_pll_i|cyclonev_pll|counter[0].output_counter|divclk'
Slack : 0.270
TNS   : 0.000

Type  : Slow 1100mV 85C Model Hold 'SCOMP:inst|IO_CYCLE'
Slack : 0.372
TNS   : 0.000

Type  : Slow 1100mV 85C Model Hold 'inst1|pll_main_inst|altera_pll_i|cyclonev_pll|counter[2].output_counter|divclk'
Slack : 0.372
TNS   : 0.000

Type  : Slow 1100mV 85C Model Hold 'clk_div:inst5|clock_10Hz'
Slack : 0.390
TNS   : 0.000

Type  : Slow 1100mV 85C Model Hold 'oneshot_i2c:inst12|i2c_master:inst|data_clk'
Slack : 0.619
TNS   : 0.000

Type  : Slow 1100mV 85C Model Recovery 'clk_div:inst5|clock_10Hz'
Slack : -10.027
TNS   : -230.444

Type  : Slow 1100mV 85C Model Removal 'clk_div:inst5|clock_10Hz'
Slack : 0.769
TNS   : 0.000

Type  : Slow 1100mV 85C Model Minimum Pulse Width 'AUD_DACLR'
Slack : -2.174
TNS   : -47.335

Type  : Slow 1100mV 85C Model Minimum Pulse Width 'SCOMP:inst|IO_CYCLE'
Slack : -0.573
TNS   : -37.841

Type  : Slow 1100mV 85C Model Minimum Pulse Width 'AUD_BCLK'
Slack : -0.394
TNS   : -22.516

Type  : Slow 1100mV 85C Model Minimum Pulse Width 'clk_div:inst5|clock_10Hz'
Slack : -0.394
TNS   : -19.280

Type  : Slow 1100mV 85C Model Minimum Pulse Width 'oneshot_i2c:inst12|i2c_master:inst|data_clk'
Slack : -0.394
TNS   : -13.818

Type  : Slow 1100mV 85C Model Minimum Pulse Width 'inst1|pll_main_inst|altera_pll_i|cyclonev_pll|fpll_0|fpll|vcoph[0]'
Slack : 1.666
TNS   : 0.000

Type  : Slow 1100mV 85C Model Minimum Pulse Width 'clock_50'
Slack : 9.670
TNS   : 0.000

Type  : Slow 1100mV 85C Model Minimum Pulse Width 'inst1|pll_main_inst|altera_pll_i|cyclonev_pll|counter[0].output_counter|divclk'
Slack : 40.433
TNS   : 0.000

Type  : Slow 1100mV 85C Model Minimum Pulse Width 'inst1|pll_main_inst|altera_pll_i|cyclonev_pll|counter[1].output_counter|cascadeout'
Slack : 416.666
TNS   : 0.000

Type  : Slow 1100mV 85C Model Minimum Pulse Width 'inst1|pll_main_inst|altera_pll_i|cyclonev_pll|counter[2].output_counter|divclk'
Slack : 1249.285
TNS   : 0.000

Type  : Slow 1100mV 0C Model Setup 'SCOMP:inst|IO_CYCLE'
Slack : -14.788
TNS   : -405.432

Type  : Slow 1100mV 0C Model Setup 'inst1|pll_main_inst|altera_pll_i|cyclonev_pll|counter[2].output_counter|divclk'
Slack : -12.231
TNS   : -189.333

Type  : Slow 1100mV 0C Model Setup 'oneshot_i2c:inst12|i2c_master:inst|data_clk'
Slack : -9.676
TNS   : -149.092

Type  : Slow 1100mV 0C Model Setup 'AUD_DACLR'
Slack : -9.553
TNS   : -195.865

Type  : Slow 1100mV 0C Model Setup 'inst1|pll_main_inst|altera_pll_i|cyclonev_pll|counter[0].output_counter|divclk'
Slack : -7.649
TNS   : -117.497

Type  : Slow 1100mV 0C Model Setup 'AUD_BCLK'
Slack : -7.087
TNS   : -204.152

Type  : Slow 1100mV 0C Model Setup 'clk_div:inst5|clock_10Hz'
Slack : -2.469
TNS   : -49.680

Type  : Slow 1100mV 0C Model Hold 'AUD_BCLK'
Slack : -0.541
TNS   : -9.450

Type  : Slow 1100mV 0C Model Hold 'AUD_DACLR'
Slack : 0.225
TNS   : 0.000

Type  : Slow 1100mV 0C Model Hold 'inst1|pll_main_inst|altera_pll_i|cyclonev_pll|counter[0].output_counter|divclk'
Slack : 0.255
TNS   : 0.000

Type  : Slow 1100mV 0C Model Hold 'clk_div:inst5|clock_10Hz'
Slack : 0.365
TNS   : 0.000

Type  : Slow 1100mV 0C Model Hold 'SCOMP:inst|IO_CYCLE'
Slack : 0.384
TNS   : 0.000

Type  : Slow 1100mV 0C Model Hold 'inst1|pll_main_inst|altera_pll_i|cyclonev_pll|counter[2].output_counter|divclk'
Slack : 0.389
TNS   : 0.000

Type  : Slow 1100mV 0C Model Hold 'oneshot_i2c:inst12|i2c_master:inst|data_clk'
Slack : 0.641
TNS   : 0.000

Type  : Slow 1100mV 0C Model Recovery 'clk_div:inst5|clock_10Hz'
Slack : -10.024
TNS   : -230.360

Type  : Slow 1100mV 0C Model Removal 'clk_div:inst5|clock_10Hz'
Slack : 0.733
TNS   : 0.000

Type  : Slow 1100mV 0C Model Minimum Pulse Width 'AUD_DACLR'
Slack : -2.174
TNS   : -47.148

Type  : Slow 1100mV 0C Model Minimum Pulse Width 'SCOMP:inst|IO_CYCLE'
Slack : -0.561
TNS   : -35.563

Type  : Slow 1100mV 0C Model Minimum Pulse Width 'AUD_BCLK'
Slack : -0.394
TNS   : -23.691

Type  : Slow 1100mV 0C Model Minimum Pulse Width 'clk_div:inst5|clock_10Hz'
Slack : -0.394
TNS   : -19.170

Type  : Slow 1100mV 0C Model Minimum Pulse Width 'oneshot_i2c:inst12|i2c_master:inst|data_clk'
Slack : -0.394
TNS   : -13.695

Type  : Slow 1100mV 0C Model Minimum Pulse Width 'inst1|pll_main_inst|altera_pll_i|cyclonev_pll|fpll_0|fpll|vcoph[0]'
Slack : 1.666
TNS   : 0.000

Type  : Slow 1100mV 0C Model Minimum Pulse Width 'clock_50'
Slack : 9.673
TNS   : 0.000

Type  : Slow 1100mV 0C Model Minimum Pulse Width 'inst1|pll_main_inst|altera_pll_i|cyclonev_pll|counter[0].output_counter|divclk'
Slack : 40.404
TNS   : 0.000

Type  : Slow 1100mV 0C Model Minimum Pulse Width 'inst1|pll_main_inst|altera_pll_i|cyclonev_pll|counter[1].output_counter|cascadeout'
Slack : 416.666
TNS   : 0.000

Type  : Slow 1100mV 0C Model Minimum Pulse Width 'inst1|pll_main_inst|altera_pll_i|cyclonev_pll|counter[2].output_counter|divclk'
Slack : 1249.239
TNS   : 0.000

Type  : Fast 1100mV 85C Model Setup 'inst1|pll_main_inst|altera_pll_i|cyclonev_pll|counter[2].output_counter|divclk'
Slack : -9.853
TNS   : -149.781

Type  : Fast 1100mV 85C Model Setup 'SCOMP:inst|IO_CYCLE'
Slack : -9.255
TNS   : -247.386

Type  : Fast 1100mV 85C Model Setup 'AUD_DACLR'
Slack : -7.101
TNS   : -141.070

Type  : Fast 1100mV 85C Model Setup 'inst1|pll_main_inst|altera_pll_i|cyclonev_pll|counter[0].output_counter|divclk'
Slack : -6.550
TNS   : -100.471

Type  : Fast 1100mV 85C Model Setup 'oneshot_i2c:inst12|i2c_master:inst|data_clk'
Slack : -6.387
TNS   : -97.258

Type  : Fast 1100mV 85C Model Setup 'AUD_BCLK'
Slack : -5.259
TNS   : -155.019

Type  : Fast 1100mV 85C Model Setup 'clk_div:inst5|clock_10Hz'
Slack : -1.122
TNS   : -16.409

Type  : Fast 1100mV 85C Model Hold 'AUD_BCLK'
Slack : -0.185
TNS   : -2.800

Type  : Fast 1100mV 85C Model Hold 'SCOMP:inst|IO_CYCLE'
Slack : 0.111
TNS   : 0.000

Type  : Fast 1100mV 85C Model Hold 'AUD_DACLR'
Slack : 0.137
TNS   : 0.000

Type  : Fast 1100mV 85C Model Hold 'clk_div:inst5|clock_10Hz'
Slack : 0.155
TNS   : 0.000

Type  : Fast 1100mV 85C Model Hold 'inst1|pll_main_inst|altera_pll_i|cyclonev_pll|counter[0].output_counter|divclk'
Slack : 0.160
TNS   : 0.000

Type  : Fast 1100mV 85C Model Hold 'inst1|pll_main_inst|altera_pll_i|cyclonev_pll|counter[2].output_counter|divclk'
Slack : 0.180
TNS   : 0.000

Type  : Fast 1100mV 85C Model Hold 'oneshot_i2c:inst12|i2c_master:inst|data_clk'
Slack : 0.248
TNS   : 0.000

Type  : Fast 1100mV 85C Model Recovery 'clk_div:inst5|clock_10Hz'
Slack : -5.776
TNS   : -132.759

Type  : Fast 1100mV 85C Model Removal 'clk_div:inst5|clock_10Hz'
Slack : 0.306
TNS   : 0.000

Type  : Fast 1100mV 85C Model Minimum Pulse Width 'AUD_DACLR'
Slack : -2.174
TNS   : -50.684

Type  : Fast 1100mV 85C Model Minimum Pulse Width 'AUD_BCLK'
Slack : -0.577
TNS   : -27.276

Type  : Fast 1100mV 85C Model Minimum Pulse Width 'SCOMP:inst|IO_CYCLE'
Slack : -0.322
TNS   : -8.682

Type  : Fast 1100mV 85C Model Minimum Pulse Width 'clk_div:inst5|clock_10Hz'
Slack : -0.002
TNS   : -0.004

Type  : Fast 1100mV 85C Model Minimum Pulse Width 'oneshot_i2c:inst12|i2c_master:inst|data_clk'
Slack : 0.061
TNS   : 0.000

Type  : Fast 1100mV 85C Model Minimum Pulse Width 'inst1|pll_main_inst|altera_pll_i|cyclonev_pll|fpll_0|fpll|vcoph[0]'
Slack : 1.666
TNS   : 0.000

Type  : Fast 1100mV 85C Model Minimum Pulse Width 'clock_50'
Slack : 9.336
TNS   : 0.000

Type  : Fast 1100mV 85C Model Minimum Pulse Width 'inst1|pll_main_inst|altera_pll_i|cyclonev_pll|counter[0].output_counter|divclk'
Slack : 40.547
TNS   : 0.000

Type  : Fast 1100mV 85C Model Minimum Pulse Width 'inst1|pll_main_inst|altera_pll_i|cyclonev_pll|counter[1].output_counter|cascadeout'
Slack : 416.666
TNS   : 0.000

Type  : Fast 1100mV 85C Model Minimum Pulse Width 'inst1|pll_main_inst|altera_pll_i|cyclonev_pll|counter[2].output_counter|divclk'
Slack : 1249.546
TNS   : 0.000

Type  : Fast 1100mV 0C Model Setup 'SCOMP:inst|IO_CYCLE'
Slack : -8.540
TNS   : -225.410

Type  : Fast 1100mV 0C Model Setup 'inst1|pll_main_inst|altera_pll_i|cyclonev_pll|counter[2].output_counter|divclk'
Slack : -8.006
TNS   : -120.481

Type  : Fast 1100mV 0C Model Setup 'oneshot_i2c:inst12|i2c_master:inst|data_clk'
Slack : -6.425
TNS   : -96.679

Type  : Fast 1100mV 0C Model Setup 'AUD_DACLR'
Slack : -5.963
TNS   : -116.807

Type  : Fast 1100mV 0C Model Setup 'inst1|pll_main_inst|altera_pll_i|cyclonev_pll|counter[0].output_counter|divclk'
Slack : -5.424
TNS   : -83.182

Type  : Fast 1100mV 0C Model Setup 'AUD_BCLK'
Slack : -4.360
TNS   : -127.179

Type  : Fast 1100mV 0C Model Setup 'clk_div:inst5|clock_10Hz'
Slack : -0.994
TNS   : -14.563

Type  : Fast 1100mV 0C Model Hold 'AUD_BCLK'
Slack : -0.256
TNS   : -4.312

Type  : Fast 1100mV 0C Model Hold 'SCOMP:inst|IO_CYCLE'
Slack : 0.104
TNS   : 0.000

Type  : Fast 1100mV 0C Model Hold 'AUD_DACLR'
Slack : 0.127
TNS   : 0.000

Type  : Fast 1100mV 0C Model Hold 'clk_div:inst5|clock_10Hz'
Slack : 0.129
TNS   : 0.000

Type  : Fast 1100mV 0C Model Hold 'inst1|pll_main_inst|altera_pll_i|cyclonev_pll|counter[0].output_counter|divclk'
Slack : 0.148
TNS   : 0.000

Type  : Fast 1100mV 0C Model Hold 'inst1|pll_main_inst|altera_pll_i|cyclonev_pll|counter[2].output_counter|divclk'
Slack : 0.171
TNS   : 0.000

Type  : Fast 1100mV 0C Model Hold 'oneshot_i2c:inst12|i2c_master:inst|data_clk'
Slack : 0.230
TNS   : 0.000

Type  : Fast 1100mV 0C Model Recovery 'clk_div:inst5|clock_10Hz'
Slack : -5.513
TNS   : -126.711

Type  : Fast 1100mV 0C Model Removal 'clk_div:inst5|clock_10Hz'
Slack : 0.258
TNS   : 0.000

Type  : Fast 1100mV 0C Model Minimum Pulse Width 'AUD_DACLR'
Slack : -2.174
TNS   : -53.190

Type  : Fast 1100mV 0C Model Minimum Pulse Width 'AUD_BCLK'
Slack : -0.626
TNS   : -30.439

Type  : Fast 1100mV 0C Model Minimum Pulse Width 'SCOMP:inst|IO_CYCLE'
Slack : -0.235
TNS   : -5.016

Type  : Fast 1100mV 0C Model Minimum Pulse Width 'clk_div:inst5|clock_10Hz'
Slack : 0.038
TNS   : 0.000

Type  : Fast 1100mV 0C Model Minimum Pulse Width 'oneshot_i2c:inst12|i2c_master:inst|data_clk'
Slack : 0.082
TNS   : 0.000

Type  : Fast 1100mV 0C Model Minimum Pulse Width 'inst1|pll_main_inst|altera_pll_i|cyclonev_pll|fpll_0|fpll|vcoph[0]'
Slack : 1.666
TNS   : 0.000

Type  : Fast 1100mV 0C Model Minimum Pulse Width 'clock_50'
Slack : 9.286
TNS   : 0.000

Type  : Fast 1100mV 0C Model Minimum Pulse Width 'inst1|pll_main_inst|altera_pll_i|cyclonev_pll|counter[0].output_counter|divclk'
Slack : 40.549
TNS   : 0.000

Type  : Fast 1100mV 0C Model Minimum Pulse Width 'inst1|pll_main_inst|altera_pll_i|cyclonev_pll|counter[1].output_counter|cascadeout'
Slack : 416.666
TNS   : 0.000

Type  : Fast 1100mV 0C Model Minimum Pulse Width 'inst1|pll_main_inst|altera_pll_i|cyclonev_pll|counter[2].output_counter|divclk'
Slack : 1249.536
TNS   : 0.000

------------------------------------------------------------
