------------------------------------------------------------
Timing Analyzer Summary
------------------------------------------------------------

Type  : Slow 1100mV 85C Model Setup 'SCOMP:inst|IO_CYCLE'
Slack : -14.642
TNS   : -400.764

Type  : Slow 1100mV 85C Model Setup 'inst1|pll_main_inst|altera_pll_i|cyclonev_pll|counter[2].output_counter|divclk'
Slack : -12.076
TNS   : -194.245

Type  : Slow 1100mV 85C Model Setup 'AUD_DACLR'
Slack : -10.155
TNS   : -207.915

Type  : Slow 1100mV 85C Model Setup 'oneshot_i2c:inst12|i2c_master:inst|data_clk'
Slack : -9.802
TNS   : -149.629

Type  : Slow 1100mV 85C Model Setup 'inst1|pll_main_inst|altera_pll_i|cyclonev_pll|counter[0].output_counter|divclk'
Slack : -7.822
TNS   : -121.233

Type  : Slow 1100mV 85C Model Setup 'AUD_BCLK'
Slack : -7.239
TNS   : -216.377

Type  : Slow 1100mV 85C Model Setup 'clk_div:inst5|clock_10Hz'
Slack : -2.170
TNS   : -57.995

Type  : Slow 1100mV 85C Model Hold 'AUD_BCLK'
Slack : -0.453
TNS   : -8.802

Type  : Slow 1100mV 85C Model Hold 'SCOMP:inst|IO_CYCLE'
Slack : -0.095
TNS   : -0.095

Type  : Slow 1100mV 85C Model Hold 'AUD_DACLR'
Slack : 0.234
TNS   : 0.000

Type  : Slow 1100mV 85C Model Hold 'inst1|pll_main_inst|altera_pll_i|cyclonev_pll|counter[0].output_counter|divclk'
Slack : 0.284
TNS   : 0.000

Type  : Slow 1100mV 85C Model Hold 'inst1|pll_main_inst|altera_pll_i|cyclonev_pll|counter[2].output_counter|divclk'
Slack : 0.344
TNS   : 0.000

Type  : Slow 1100mV 85C Model Hold 'clk_div:inst5|clock_10Hz'
Slack : 0.413
TNS   : 0.000

Type  : Slow 1100mV 85C Model Hold 'oneshot_i2c:inst12|i2c_master:inst|data_clk'
Slack : 0.691
TNS   : 0.000

Type  : Slow 1100mV 85C Model Recovery 'clk_div:inst5|clock_10Hz'
Slack : -10.055
TNS   : -291.514

Type  : Slow 1100mV 85C Model Removal 'clk_div:inst5|clock_10Hz'
Slack : 0.899
TNS   : 0.000

Type  : Slow 1100mV 85C Model Minimum Pulse Width 'AUD_DACLR'
Slack : -2.174
TNS   : -47.344

Type  : Slow 1100mV 85C Model Minimum Pulse Width 'SCOMP:inst|IO_CYCLE'
Slack : -0.394
TNS   : -32.060

Type  : Slow 1100mV 85C Model Minimum Pulse Width 'AUD_BCLK'
Slack : -0.394
TNS   : -23.043

Type  : Slow 1100mV 85C Model Minimum Pulse Width 'clk_div:inst5|clock_10Hz'
Slack : -0.394
TNS   : -22.757

Type  : Slow 1100mV 85C Model Minimum Pulse Width 'oneshot_i2c:inst12|i2c_master:inst|data_clk'
Slack : -0.394
TNS   : -13.119

Type  : Slow 1100mV 85C Model Minimum Pulse Width 'inst1|pll_main_inst|altera_pll_i|cyclonev_pll|fpll_0|fpll|vcoph[0]'
Slack : 1.666
TNS   : 0.000

Type  : Slow 1100mV 85C Model Minimum Pulse Width 'clock_50'
Slack : 9.670
TNS   : 0.000

Type  : Slow 1100mV 85C Model Minimum Pulse Width 'inst1|pll_main_inst|altera_pll_i|cyclonev_pll|counter[0].output_counter|divclk'
Slack : 40.429
TNS   : 0.000

Type  : Slow 1100mV 85C Model Minimum Pulse Width 'inst1|pll_main_inst|altera_pll_i|cyclonev_pll|counter[1].output_counter|cascadeout'
Slack : 416.666
TNS   : 0.000

Type  : Slow 1100mV 85C Model Minimum Pulse Width 'inst1|pll_main_inst|altera_pll_i|cyclonev_pll|counter[2].output_counter|divclk'
Slack : 1249.297
TNS   : 0.000

Type  : Slow 1100mV 0C Model Setup 'SCOMP:inst|IO_CYCLE'
Slack : -14.525
TNS   : -395.599

Type  : Slow 1100mV 0C Model Setup 'inst1|pll_main_inst|altera_pll_i|cyclonev_pll|counter[2].output_counter|divclk'
Slack : -11.046
TNS   : -176.109

Type  : Slow 1100mV 0C Model Setup 'oneshot_i2c:inst12|i2c_master:inst|data_clk'
Slack : -9.980
TNS   : -151.918

Type  : Slow 1100mV 0C Model Setup 'AUD_DACLR'
Slack : -9.634
TNS   : -196.086

Type  : Slow 1100mV 0C Model Setup 'inst1|pll_main_inst|altera_pll_i|cyclonev_pll|counter[0].output_counter|divclk'
Slack : -7.222
TNS   : -111.325

Type  : Slow 1100mV 0C Model Setup 'AUD_BCLK'
Slack : -6.829
TNS   : -203.971

Type  : Slow 1100mV 0C Model Setup 'clk_div:inst5|clock_10Hz'
Slack : -2.096
TNS   : -59.780

Type  : Slow 1100mV 0C Model Hold 'AUD_BCLK'
Slack : -0.403
TNS   : -7.831

Type  : Slow 1100mV 0C Model Hold 'SCOMP:inst|IO_CYCLE'
Slack : 0.055
TNS   : 0.000

Type  : Slow 1100mV 0C Model Hold 'AUD_DACLR'
Slack : 0.220
TNS   : 0.000

Type  : Slow 1100mV 0C Model Hold 'inst1|pll_main_inst|altera_pll_i|cyclonev_pll|counter[0].output_counter|divclk'
Slack : 0.272
TNS   : 0.000

Type  : Slow 1100mV 0C Model Hold 'inst1|pll_main_inst|altera_pll_i|cyclonev_pll|counter[2].output_counter|divclk'
Slack : 0.338
TNS   : 0.000

Type  : Slow 1100mV 0C Model Hold 'clk_div:inst5|clock_10Hz'
Slack : 0.394
TNS   : 0.000

Type  : Slow 1100mV 0C Model Hold 'oneshot_i2c:inst12|i2c_master:inst|data_clk'
Slack : 0.662
TNS   : 0.000

Type  : Slow 1100mV 0C Model Recovery 'clk_div:inst5|clock_10Hz'
Slack : -10.081
TNS   : -292.275

Type  : Slow 1100mV 0C Model Removal 'clk_div:inst5|clock_10Hz'
Slack : 0.909
TNS   : 0.000

Type  : Slow 1100mV 0C Model Minimum Pulse Width 'AUD_DACLR'
Slack : -2.174
TNS   : -46.960

Type  : Slow 1100mV 0C Model Minimum Pulse Width 'SCOMP:inst|IO_CYCLE'
Slack : -0.394
TNS   : -30.990

Type  : Slow 1100mV 0C Model Minimum Pulse Width 'AUD_BCLK'
Slack : -0.394
TNS   : -23.869

Type  : Slow 1100mV 0C Model Minimum Pulse Width 'clk_div:inst5|clock_10Hz'
Slack : -0.394
TNS   : -22.195

Type  : Slow 1100mV 0C Model Minimum Pulse Width 'oneshot_i2c:inst12|i2c_master:inst|data_clk'
Slack : -0.394
TNS   : -12.954

Type  : Slow 1100mV 0C Model Minimum Pulse Width 'inst1|pll_main_inst|altera_pll_i|cyclonev_pll|fpll_0|fpll|vcoph[0]'
Slack : 1.666
TNS   : 0.000

Type  : Slow 1100mV 0C Model Minimum Pulse Width 'clock_50'
Slack : 9.673
TNS   : 0.000

Type  : Slow 1100mV 0C Model Minimum Pulse Width 'inst1|pll_main_inst|altera_pll_i|cyclonev_pll|counter[0].output_counter|divclk'
Slack : 40.405
TNS   : 0.000

Type  : Slow 1100mV 0C Model Minimum Pulse Width 'inst1|pll_main_inst|altera_pll_i|cyclonev_pll|counter[1].output_counter|cascadeout'
Slack : 416.666
TNS   : 0.000

Type  : Slow 1100mV 0C Model Minimum Pulse Width 'inst1|pll_main_inst|altera_pll_i|cyclonev_pll|counter[2].output_counter|divclk'
Slack : 1249.239
TNS   : 0.000

Type  : Fast 1100mV 85C Model Setup 'SCOMP:inst|IO_CYCLE'
Slack : -9.003
TNS   : -239.421

Type  : Fast 1100mV 85C Model Setup 'inst1|pll_main_inst|altera_pll_i|cyclonev_pll|counter[2].output_counter|divclk'
Slack : -8.906
TNS   : -139.105

Type  : Fast 1100mV 85C Model Setup 'AUD_DACLR'
Slack : -7.306
TNS   : -144.480

Type  : Fast 1100mV 85C Model Setup 'oneshot_i2c:inst12|i2c_master:inst|data_clk'
Slack : -6.721
TNS   : -100.204

Type  : Fast 1100mV 85C Model Setup 'inst1|pll_main_inst|altera_pll_i|cyclonev_pll|counter[0].output_counter|divclk'
Slack : -6.160
TNS   : -95.371

Type  : Fast 1100mV 85C Model Setup 'AUD_BCLK'
Slack : -5.124
TNS   : -154.624

Type  : Fast 1100mV 85C Model Setup 'clk_div:inst5|clock_10Hz'
Slack : -0.947
TNS   : -20.991

Type  : Fast 1100mV 85C Model Hold 'AUD_BCLK'
Slack : -0.114
TNS   : -0.801

Type  : Fast 1100mV 85C Model Hold 'SCOMP:inst|IO_CYCLE'
Slack : -0.112
TNS   : -0.112

Type  : Fast 1100mV 85C Model Hold 'AUD_DACLR'
Slack : 0.132
TNS   : 0.000

Type  : Fast 1100mV 85C Model Hold 'clk_div:inst5|clock_10Hz'
Slack : 0.162
TNS   : 0.000

Type  : Fast 1100mV 85C Model Hold 'inst1|pll_main_inst|altera_pll_i|cyclonev_pll|counter[0].output_counter|divclk'
Slack : 0.170
TNS   : 0.000

Type  : Fast 1100mV 85C Model Hold 'inst1|pll_main_inst|altera_pll_i|cyclonev_pll|counter[2].output_counter|divclk'
Slack : 0.182
TNS   : 0.000

Type  : Fast 1100mV 85C Model Hold 'oneshot_i2c:inst12|i2c_master:inst|data_clk'
Slack : 0.329
TNS   : 0.000

Type  : Fast 1100mV 85C Model Recovery 'clk_div:inst5|clock_10Hz'
Slack : -5.669
TNS   : -164.372

Type  : Fast 1100mV 85C Model Removal 'clk_div:inst5|clock_10Hz'
Slack : 0.300
TNS   : 0.000

Type  : Fast 1100mV 85C Model Minimum Pulse Width 'AUD_DACLR'
Slack : -2.174
TNS   : -51.001

Type  : Fast 1100mV 85C Model Minimum Pulse Width 'AUD_BCLK'
Slack : -0.575
TNS   : -27.145

Type  : Fast 1100mV 85C Model Minimum Pulse Width 'SCOMP:inst|IO_CYCLE'
Slack : -0.187
TNS   : -4.646

Type  : Fast 1100mV 85C Model Minimum Pulse Width 'clk_div:inst5|clock_10Hz'
Slack : -0.021
TNS   : -0.040

Type  : Fast 1100mV 85C Model Minimum Pulse Width 'oneshot_i2c:inst12|i2c_master:inst|data_clk'
Slack : 0.072
TNS   : 0.000

Type  : Fast 1100mV 85C Model Minimum Pulse Width 'inst1|pll_main_inst|altera_pll_i|cyclonev_pll|fpll_0|fpll|vcoph[0]'
Slack : 1.666
TNS   : 0.000

Type  : Fast 1100mV 85C Model Minimum Pulse Width 'clock_50'
Slack : 9.336
TNS   : 0.000

Type  : Fast 1100mV 85C Model Minimum Pulse Width 'inst1|pll_main_inst|altera_pll_i|cyclonev_pll|counter[0].output_counter|divclk'
Slack : 40.547
TNS   : 0.000

Type  : Fast 1100mV 85C Model Minimum Pulse Width 'inst1|pll_main_inst|altera_pll_i|cyclonev_pll|counter[1].output_counter|cascadeout'
Slack : 416.666
TNS   : 0.000

Type  : Fast 1100mV 85C Model Minimum Pulse Width 'inst1|pll_main_inst|altera_pll_i|cyclonev_pll|counter[2].output_counter|divclk'
Slack : 1249.548
TNS   : 0.000

Type  : Fast 1100mV 0C Model Setup 'SCOMP:inst|IO_CYCLE'
Slack : -8.315
TNS   : -219.262

Type  : Fast 1100mV 0C Model Setup 'inst1|pll_main_inst|altera_pll_i|cyclonev_pll|counter[2].output_counter|divclk'
Slack : -7.181
TNS   : -111.626

Type  : Fast 1100mV 0C Model Setup 'oneshot_i2c:inst12|i2c_master:inst|data_clk'
Slack : -6.697
TNS   : -99.266

Type  : Fast 1100mV 0C Model Setup 'AUD_DACLR'
Slack : -6.105
TNS   : -118.661

Type  : Fast 1100mV 0C Model Setup 'inst1|pll_main_inst|altera_pll_i|cyclonev_pll|counter[0].output_counter|divclk'
Slack : -5.101
TNS   : -78.492

Type  : Fast 1100mV 0C Model Setup 'AUD_BCLK'
Slack : -4.232
TNS   : -127.056

Type  : Fast 1100mV 0C Model Setup 'clk_div:inst5|clock_10Hz'
Slack : -0.807
TNS   : -18.516

Type  : Fast 1100mV 0C Model Hold 'AUD_BCLK'
Slack : -0.168
TNS   : -2.306

Type  : Fast 1100mV 0C Model Hold 'SCOMP:inst|IO_CYCLE'
Slack : -0.061
TNS   : -0.061

Type  : Fast 1100mV 0C Model Hold 'AUD_DACLR'
Slack : 0.122
TNS   : 0.000

Type  : Fast 1100mV 0C Model Hold 'clk_div:inst5|clock_10Hz'
Slack : 0.139
TNS   : 0.000

Type  : Fast 1100mV 0C Model Hold 'inst1|pll_main_inst|altera_pll_i|cyclonev_pll|counter[0].output_counter|divclk'
Slack : 0.152
TNS   : 0.000

Type  : Fast 1100mV 0C Model Hold 'inst1|pll_main_inst|altera_pll_i|cyclonev_pll|counter[2].output_counter|divclk'
Slack : 0.171
TNS   : 0.000

Type  : Fast 1100mV 0C Model Hold 'oneshot_i2c:inst12|i2c_master:inst|data_clk'
Slack : 0.306
TNS   : 0.000

Type  : Fast 1100mV 0C Model Recovery 'clk_div:inst5|clock_10Hz'
Slack : -5.448
TNS   : -157.963

Type  : Fast 1100mV 0C Model Removal 'clk_div:inst5|clock_10Hz'
Slack : 0.264
TNS   : 0.000

Type  : Fast 1100mV 0C Model Minimum Pulse Width 'AUD_DACLR'
Slack : -2.174
TNS   : -53.310

Type  : Fast 1100mV 0C Model Minimum Pulse Width 'AUD_BCLK'
Slack : -0.622
TNS   : -30.181

Type  : Fast 1100mV 0C Model Minimum Pulse Width 'SCOMP:inst|IO_CYCLE'
Slack : -0.109
TNS   : -2.210

Type  : Fast 1100mV 0C Model Minimum Pulse Width 'clk_div:inst5|clock_10Hz'
Slack : 0.022
TNS   : 0.000

Type  : Fast 1100mV 0C Model Minimum Pulse Width 'oneshot_i2c:inst12|i2c_master:inst|data_clk'
Slack : 0.088
TNS   : 0.000

Type  : Fast 1100mV 0C Model Minimum Pulse Width 'inst1|pll_main_inst|altera_pll_i|cyclonev_pll|fpll_0|fpll|vcoph[0]'
Slack : 1.666
TNS   : 0.000

Type  : Fast 1100mV 0C Model Minimum Pulse Width 'clock_50'
Slack : 9.286
TNS   : 0.000

Type  : Fast 1100mV 0C Model Minimum Pulse Width 'inst1|pll_main_inst|altera_pll_i|cyclonev_pll|counter[0].output_counter|divclk'
Slack : 40.550
TNS   : 0.000

Type  : Fast 1100mV 0C Model Minimum Pulse Width 'inst1|pll_main_inst|altera_pll_i|cyclonev_pll|counter[1].output_counter|cascadeout'
Slack : 416.666
TNS   : 0.000

Type  : Fast 1100mV 0C Model Minimum Pulse Width 'inst1|pll_main_inst|altera_pll_i|cyclonev_pll|counter[2].output_counter|divclk'
Slack : 1249.538
TNS   : 0.000

------------------------------------------------------------
